     1                                  ;--------------------------------------------------------------------------------
     2                                  ;Cifrado Cesar - Carlos Sebastian Madrigal Rodriguez
     3                                  ;23 de Marzo, 2021
     4                                  ;--------------------------------------------------------------------------------
     5                                  extern printf
     6                                  section .data
     7                                      ;int main(int argc, char** argv)
     8                                      ;variables que almacenan los argumentos pasados al 
     9                                      ;programa.
    10                                      ;------------------------------------------------------
    11                                      ;El orden de los registros: 
    12                                      ;%rdi, %rsi, %rdx, %rcx, %r8 and %r9 
    13                                      ;eso significa que argc esta en %rdi y argv en %rsi.
    14                                  
    15                                      %define INICIO_ASCII_MINUSCULAS 97
    16                                      %define INICIO_ASCII_MAYUSCULAS 65
    17                                      %define LONGITUD_ALFABETO 26
    18                                      %define KNRM  `\x1B[0m`
    19                                      %define KRED  `\x1B[31m`
    20                                      %define KGRN  `\x1B[32m`
    21                                      %define KYEL  `\x1B[33m`
    22                                      %define KBLU  `\x1B[34m`
    23                                      %define KMAG  `\x1B[35m`
    24                                      %define KCYN  `\x1B[36m`
    25                                      %define KWHT  `\x1B[37m`
    26                                  
    27 00000000 1B5B33366D2D2D2D2D-         strLimite db KCYN,`--------------------------------------------------------`,0xA,0x0
    27 00000009 2D2D2D2D2D2D2D2D2D-
    27 00000012 2D2D2D2D2D2D2D2D2D-
    27 0000001B 2D2D2D2D2D2D2D2D2D-
    27 00000024 2D2D2D2D2D2D2D2D2D-
    27 0000002D 2D2D2D2D2D2D2D2D2D-
    27 00000036 2D2D2D2D2D2D2D0A00 
    28 0000003F 1B5B33336D09094369-         nombreAplicacion db KYEL,`\t\tCifrado de Cesar!\n`,0xA,0x0
    28 00000048 667261646F20646520-
    28 00000051 4365736172210A0A00 
    29 0000005A 1B5B33366D456C206E-         formatoRotaciones db KCYN,`El numero de desplazamientos es %d.\n`,0xA,0x0
    29 00000063 756D65726F20646520-
    29 0000006C 646573706C617A616D-
    29 00000075 69656E746F73206573-
    29 0000007E 2025642E0A0A00     
    30 00000085 1B5B33376D456C206D-         formatoTexto db KWHT,`El mensaje a encriptar es: `, KYEL, `%s.`,0xA,0x0
    30 0000008E 656E73616A65206120-
    30 00000097 656E63726970746172-
    30 000000A0 2065733A201B5B3333-
    30 000000A9 6D25732E0A00       
    31 000000AF 4572726F7220656E20-         fewArgumentsError db `Error en los argumentos!.`,0xA,0x0
    31 000000B8 6C6F7320617267756D-
    31 000000C1 656E746F73212E0A00 
    32                                      fewArgumentsErrorLen equ $-fewArgumentsError
    33                                      STDOUT_FILENO equ 0x01
    34                                      STDERR_FILENO equ 0x02
    35                                      
    36                                  section .bss
    37 00000000 <res 00000008>              argc resq 1
    38 00000008 <res 00000008>              nDesplazamientos resq 1
    39 00000010 <res 00000008>              mensaje resq 1
    40                                  section .text
    41                                  global main
    42                                  main:
    43 00000000 55                          push rbp                            ;Guarda el apuntador de la base de
    44 00000001 4889E5                      mov rbp, rsp                        ;la pila.
    45                                  
    46                                      ;Verificar si se ingresaron los argumentos necesarios.
    47                                      ;(numero de desplazamientos y el texto a cifrar).
    48                                      ;--------------------------------------------------------------------------
    49                                      
    50 00000004 4883FF03                    cmp rdi,3
    51 00000008 0F8CAC000000                jl exit_error
    52                                  
    53                                      ;--------------------------------------------------------------------------
    54                                  
    55                                      ;Almacenar los argumentos (numero de desplazamientos y el texto a cifrar).
    56                                      ;--------------------------------------------------------------------------
    57                                      ;add rsp, 8
    58 0000000E 4831C0                      xor rax,rax                         ;Limpiamos rax.
    59 00000011 4831D2                      xor rdx, rdx                        ;Limpiamos rdx.
    60 00000014 48893C25[00000000]          mov [argc], rdi                     ;Guardamos el numero de argumentos.
    61 0000001C 488B4608                    mov rax, [rsi+8]                    ;Direccion de memoria de argv[1] en r8.
    62 00000020 488B10                      mov rdx, [rax]                      ;Desreferencia *argv[1].
    63 00000023 80EA30                      sub dl, '0'                         ;Convertimos de string a int.
    64 00000026 881425[08000000]            mov [nDesplazamientos], byte dl     ;Guardamos el numero de desplazamientos.
    65                                  
    66 0000002D 57                          push rdi                            ;Guardar el valor del registro rdi.
    67 0000002E 50                          push rax                            ;Guardar el valor del registro rax.
    68 0000002F 56                          push rsi                            ;Guardar el valor del registro rsi.
    69 00000030 4883EC08                    sub rsp, 8                          ;Alinear la pila.
    70                                  
    71 00000034 48BF-                       mov rdi, strLimite
    71 00000036 [0000000000000000] 
    72 0000003E B800000000                  mov rax, 0
    73 00000043 E8(00000000)                call printf
    74                                      
    75 00000048 48BF-                       mov rdi, nombreAplicacion
    75 0000004A [3F00000000000000] 
    76 00000052 B800000000                  mov rax, 0
    77 00000057 E8(00000000)                call printf
    78                                  
    79 0000005C 48BF-                       mov rdi, formatoRotaciones          ;Formato de la cadena.
    79 0000005E [5A00000000000000] 
    80 00000066 B800000000                  mov rax, 0                          ;No se usaron registros de punto flotante
    81 0000006B 488B3425[08000000]          mov rsi, [nDesplazamientos]         ;Numero de desplazamientos en formato int
    82 00000073 E8(00000000)                call printf                         ;Se llama la funcion externa 'printf.'
    83                                  
    84 00000078 4883C408                    add rsp, 8                          ;Re-establecer la pila.
    85 0000007C 5E                          pop rsi                             ;Re-establecer el registo rsi.
    86 0000007D 58                          pop rax                             ;Re-establecer el registo rax.
    87 0000007E 5F                          pop rdi                             ;Re-establecer el registo rdi.
    88                                  
    89                                  
    90 0000007F 4C8B4610                    mov r8, [rsi+16]
    91 00000083 4C890425[10000000]          mov [mensaje], r8
    92                                  
    93 0000008B 57                          push rdi                            ;Guardar el valor del registro rdi.
    94 0000008C 50                          push rax                            ;Guardar el valor del registro rax.
    95 0000008D 56                          push rsi                            ;Guardar el valor del registro rsi.
    96 0000008E 4883EC08                    sub rsp, 8                          ;Alinear la pila.
    97                                  
    98                                  
    99                                  
   100 00000092 48BF-                       mov rdi, formatoTexto               ;Formato del texto plano.
   100 00000094 [8500000000000000] 
   101 0000009C B800000000                  mov rax, 0                          ;No se usaron registros de punto flotante
   102 000000A1 488B3425[10000000]          mov rsi, [mensaje]
   103 000000A9 E8(00000000)                call printf
   104                                  
   105 000000AE 4883C408                    add rsp, 8                          ;Re-establecer la pila.
   106 000000B2 5E                          pop rsi                             ;Re-establecer el registo rsi.
   107 000000B3 58                          pop rax                             ;Re-establecer el registo rax.
   108 000000B4 5F                          pop rdi                             ;Re-establecer el registo rdi.
   109                                  
   110 000000B5 4889EC                      mov rsp, rbp
   111 000000B8 5D                          pop rbp
   112 000000B9 C3                          ret
   113                                  
   114                                      ;--------------------------------------------------------------------------
   115                                  exit_error:                             ;Salida con error.
   116 000000BA B801000000                  mov rax, 1
   117 000000BF BF02000000                  mov rdi, STDERR_FILENO              ;Llamada de systema (write), que escribe al
   118 000000C4 48BE-                       mov rsi, fewArgumentsError          ;descriptor de archivos stderr.
   118 000000C6 [AF00000000000000] 
   119 000000CE BA1B000000                  mov rdx, fewArgumentsErrorLen
   120 000000D3 0F05                        syscall                             ;Se imprime mensaje de error.
   121                                  
   122 000000D5 4889EC                      mov rsp, rbp
   123 000000D8 5D                          pop rbp 
   124                                  
   125 000000D9 B83C000000                  mov rax, 60                         ;Se sale del programa de manera insatisfactoria
   126 000000DE 48C7C7FFFFFFFF              mov rdi,-1                          ;con valor de retorno de -1.
   127 000000E5 0F05                        syscall
